// Jest Snapshot v1, https://goo.gl/fbAQLP

exports[`Right rendering toMatchSnapshot 1`] = `
ShallowWrapper {
  Symbol(enzyme.__root__): [Circular],
  Symbol(enzyme.__unrendered__): <default_1
    primary={true}
  >
    <Component>
      Right
    </Component>
  </default_1>,
  Symbol(enzyme.__renderer__): Object {
    "batchedUpdates": [Function],
    "getNode": [Function],
    "render": [Function],
    "simulateError": [Function],
    "simulateEvent": [Function],
    "unmount": [Function],
  },
  Symbol(enzyme.__node__): Object {
    "instance": null,
    "key": undefined,
    "nodeType": "function",
    "props": Object {
      "children": <Component>
        Right
      </Component>,
      "primary": true,
    },
    "ref": null,
    "rendered": Object {
      "instance": null,
      "key": undefined,
      "nodeType": "class",
      "props": Object {
        "children": "Right",
      },
      "ref": null,
      "rendered": "Right",
      "type": [Function],
    },
    "type": Object {
      "$$typeof": Symbol(react.forward_ref),
      "attrs": undefined,
      "componentStyle": ComponentStyle {
        "componentId": "sc-bdVaJa",
        "isStatic": true,
        "rules": Array [
          "
    background-color: transparent;
    justify-content: center;
    align-items: flex-end;
    margin: auto auto auto 6px;
    flex-direction: row-reverse;
",
        ],
      },
      "displayName": "Styled(Component)",
      "render": [Function],
      "styledComponentId": "sc-bdVaJa",
      "target": [Function],
      "toString": [Function],
      "warnTooManyClasses": [Function],
      "withComponent": [Function],
      Symbol(Symbol.hasInstance): [Function],
    },
  },
  Symbol(enzyme.__nodes__): Array [
    Object {
      "instance": null,
      "key": undefined,
      "nodeType": "function",
      "props": Object {
        "children": <Component>
          Right
        </Component>,
        "primary": true,
      },
      "ref": null,
      "rendered": Object {
        "instance": null,
        "key": undefined,
        "nodeType": "class",
        "props": Object {
          "children": "Right",
        },
        "ref": null,
        "rendered": "Right",
        "type": [Function],
      },
      "type": Object {
        "$$typeof": Symbol(react.forward_ref),
        "attrs": undefined,
        "componentStyle": ComponentStyle {
          "componentId": "sc-bdVaJa",
          "isStatic": true,
          "rules": Array [
            "
    background-color: transparent;
    justify-content: center;
    align-items: flex-end;
    margin: auto auto auto 6px;
    flex-direction: row-reverse;
",
          ],
        },
        "displayName": "Styled(Component)",
        "render": [Function],
        "styledComponentId": "sc-bdVaJa",
        "target": [Function],
        "toString": [Function],
        "warnTooManyClasses": [Function],
        "withComponent": [Function],
        Symbol(Symbol.hasInstance): [Function],
      },
    },
  ],
  Symbol(enzyme.__options__): Object {
    "adapter": ReactSixteenAdapter {
      "options": Object {
        "enableComponentDidUpdateOnSetState": true,
        "lifecycles": Object {
          "componentDidUpdate": Object {
            "onSetState": true,
          },
          "getDerivedStateFromProps": true,
          "getSnapshotBeforeUpdate": true,
          "setState": Object {
            "skipsComponentDidUpdateOnNullish": true,
          },
        },
      },
    },
  },
}
`;
