// Jest Snapshot v1, https://goo.gl/fbAQLP

exports[`Title rendering toMatchSnapshot 1`] = `
ShallowWrapper {
  Symbol(enzyme.__root__): [Circular],
  Symbol(enzyme.__unrendered__): <Provider
    theme={
      Object {
        "danger": Object {
          "contrastText": "#fff",
          "dark": "#aa2e25",
          "light": "#f6685e",
          "main": "#f44336",
        },
        "deviceHeight": 750,
        "deviceWidth": 1334,
        "grey": Object {
          "contrastText": "#fff",
          "dark": "#343a40",
          "light": "#dddddd",
          "main": "#6c757d",
        },
        "info": Object {
          "contrastText": "#fff",
          "dark": "#ba000d",
          "light": "#33c9dc",
          "main": "#00bcd4",
        },
        "isIphoneX": false,
        "platform": "ios",
        "primary": Object {
          "contrastText": "#fff",
          "dark": "#1769aa",
          "light": "#4dabf5",
          "main": "#2196f3",
        },
        "purple": Object {
          "contrastText": "#fff",
          "dark": "#6d1b7b",
          "light": "#af52bf",
          "main": "#9c27b0",
        },
        "secondary": Object {
          "contrastText": "#fff",
          "dark": "#b26a00",
          "light": "#ffac33",
          "main": "#ff9800",
        },
        "success": Object {
          "contrastText": "#fff",
          "dark": "#618833",
          "light": "#a2cf6e",
          "main": "#8bc34a",
        },
        "warning": Object {
          "contrastText": "#fff",
          "dark": "#b28704",
          "light": "#ffcd38",
          "main": "#ffc107",
        },
      }
    }
  >
    <Unknown>
      Title
    </Unknown>
  </Provider>,
  Symbol(enzyme.__renderer__): Object {
    "batchedUpdates": [Function],
    "getNode": [Function],
    "render": [Function],
    "simulateError": [Function],
    "simulateEvent": [Function],
    "unmount": [Function],
  },
  Symbol(enzyme.__node__): Object {
    "instance": null,
    "key": undefined,
    "nodeType": "class",
    "props": Object {
      "children": <Unknown>
        Title
      </Unknown>,
      "theme": Object {
        "danger": Object {
          "contrastText": "#fff",
          "dark": "#aa2e25",
          "light": "#f6685e",
          "main": "#f44336",
        },
        "deviceHeight": 750,
        "deviceWidth": 1334,
        "grey": Object {
          "contrastText": "#fff",
          "dark": "#343a40",
          "light": "#dddddd",
          "main": "#6c757d",
        },
        "info": Object {
          "contrastText": "#fff",
          "dark": "#ba000d",
          "light": "#33c9dc",
          "main": "#00bcd4",
        },
        "isIphoneX": false,
        "platform": "ios",
        "primary": Object {
          "contrastText": "#fff",
          "dark": "#1769aa",
          "light": "#4dabf5",
          "main": "#2196f3",
        },
        "purple": Object {
          "contrastText": "#fff",
          "dark": "#6d1b7b",
          "light": "#af52bf",
          "main": "#9c27b0",
        },
        "secondary": Object {
          "contrastText": "#fff",
          "dark": "#b26a00",
          "light": "#ffac33",
          "main": "#ff9800",
        },
        "success": Object {
          "contrastText": "#fff",
          "dark": "#618833",
          "light": "#a2cf6e",
          "main": "#8bc34a",
        },
        "warning": Object {
          "contrastText": "#fff",
          "dark": "#b28704",
          "light": "#ffcd38",
          "main": "#ffc107",
        },
      },
    },
    "ref": null,
    "rendered": Object {
      "instance": null,
      "key": undefined,
      "nodeType": "function",
      "props": Object {
        "children": "Title",
      },
      "ref": null,
      "rendered": "Title",
      "type": [Function],
    },
    "type": [Function],
  },
  Symbol(enzyme.__nodes__): Array [
    Object {
      "instance": null,
      "key": undefined,
      "nodeType": "class",
      "props": Object {
        "children": <Unknown>
          Title
        </Unknown>,
        "theme": Object {
          "danger": Object {
            "contrastText": "#fff",
            "dark": "#aa2e25",
            "light": "#f6685e",
            "main": "#f44336",
          },
          "deviceHeight": 750,
          "deviceWidth": 1334,
          "grey": Object {
            "contrastText": "#fff",
            "dark": "#343a40",
            "light": "#dddddd",
            "main": "#6c757d",
          },
          "info": Object {
            "contrastText": "#fff",
            "dark": "#ba000d",
            "light": "#33c9dc",
            "main": "#00bcd4",
          },
          "isIphoneX": false,
          "platform": "ios",
          "primary": Object {
            "contrastText": "#fff",
            "dark": "#1769aa",
            "light": "#4dabf5",
            "main": "#2196f3",
          },
          "purple": Object {
            "contrastText": "#fff",
            "dark": "#6d1b7b",
            "light": "#af52bf",
            "main": "#9c27b0",
          },
          "secondary": Object {
            "contrastText": "#fff",
            "dark": "#b26a00",
            "light": "#ffac33",
            "main": "#ff9800",
          },
          "success": Object {
            "contrastText": "#fff",
            "dark": "#618833",
            "light": "#a2cf6e",
            "main": "#8bc34a",
          },
          "warning": Object {
            "contrastText": "#fff",
            "dark": "#b28704",
            "light": "#ffcd38",
            "main": "#ffc107",
          },
        },
      },
      "ref": null,
      "rendered": Object {
        "instance": null,
        "key": undefined,
        "nodeType": "function",
        "props": Object {
          "children": "Title",
        },
        "ref": null,
        "rendered": "Title",
        "type": [Function],
      },
      "type": [Function],
    },
  ],
  Symbol(enzyme.__options__): Object {
    "adapter": ReactSixteenAdapter {
      "options": Object {
        "enableComponentDidUpdateOnSetState": true,
        "lifecycles": Object {
          "componentDidUpdate": Object {
            "onSetState": true,
          },
          "getDerivedStateFromProps": true,
          "getSnapshotBeforeUpdate": true,
          "setState": Object {
            "skipsComponentDidUpdateOnNullish": true,
          },
        },
      },
    },
  },
}
`;
