// Jest Snapshot v1, https://goo.gl/fbAQLP

exports[`TextInput rendering should render a <TextInput /> 1`] = `
ShallowWrapper {
  Symbol(enzyme.__root__): [Circular],
  Symbol(enzyme.__unrendered__): <TextInput
    color="#f00"
    onChangeText={[Function]}
    primary={true}
    secondary={true}
    success={true}
  />,
  Symbol(enzyme.__renderer__): Object {
    "batchedUpdates": [Function],
    "getNode": [Function],
    "render": [Function],
    "simulateError": [Function],
    "simulateEvent": [Function],
    "unmount": [Function],
  },
  Symbol(enzyme.__node__): Object {
    "instance": null,
    "key": undefined,
    "nodeType": "function",
    "props": Object {
      "color": "#f00",
      "editable": true,
      "onChangeText": [Function],
      "primary": true,
      "secondary": true,
      "success": true,
    },
    "ref": null,
    "rendered": null,
    "type": Object {
      "$$typeof": Symbol(react.forward_ref),
      "State": Object {
        "blurTextInput": [Function],
        "currentlyFocusedField": [Function],
        "focusTextInput": [Function],
      },
      "attrs": undefined,
      "componentStyle": ComponentStyle {
        "componentId": "sc-bdVaJa",
        "isStatic": false,
        "rules": Array [
          "    
    background-color: ",
          [Function],
          ";    
    border: 1px solid ",
          [Function],
          ";          
    width: ",
          [Function],
          ";    
    border-radius: 3px;
    margin-bottom: 5px;
    padding: 5px 10px;
",
        ],
      },
      "displayName": "Styled(TextInput)",
      "getDefaultProps": [Function],
      "render": [Function],
      "styledComponentId": "sc-bdVaJa",
      "target": [Function],
      "toString": [Function],
      "warnTooManyClasses": [Function],
      "withComponent": [Function],
      Symbol(Symbol.hasInstance): [Function],
    },
  },
  Symbol(enzyme.__nodes__): Array [
    Object {
      "instance": null,
      "key": undefined,
      "nodeType": "function",
      "props": Object {
        "color": "#f00",
        "editable": true,
        "onChangeText": [Function],
        "primary": true,
        "secondary": true,
        "success": true,
      },
      "ref": null,
      "rendered": null,
      "type": Object {
        "$$typeof": Symbol(react.forward_ref),
        "State": Object {
          "blurTextInput": [Function],
          "currentlyFocusedField": [Function],
          "focusTextInput": [Function],
        },
        "attrs": undefined,
        "componentStyle": ComponentStyle {
          "componentId": "sc-bdVaJa",
          "isStatic": false,
          "rules": Array [
            "    
    background-color: ",
            [Function],
            ";    
    border: 1px solid ",
            [Function],
            ";          
    width: ",
            [Function],
            ";    
    border-radius: 3px;
    margin-bottom: 5px;
    padding: 5px 10px;
",
          ],
        },
        "displayName": "Styled(TextInput)",
        "getDefaultProps": [Function],
        "render": [Function],
        "styledComponentId": "sc-bdVaJa",
        "target": [Function],
        "toString": [Function],
        "warnTooManyClasses": [Function],
        "withComponent": [Function],
        Symbol(Symbol.hasInstance): [Function],
      },
    },
  ],
  Symbol(enzyme.__options__): Object {
    "adapter": ReactSixteenAdapter {
      "options": Object {
        "enableComponentDidUpdateOnSetState": true,
        "lifecycles": Object {
          "componentDidUpdate": Object {
            "onSetState": true,
          },
          "getDerivedStateFromProps": true,
          "getSnapshotBeforeUpdate": true,
          "setState": Object {
            "skipsComponentDidUpdateOnNullish": true,
          },
        },
      },
    },
  },
}
`;
