// Jest Snapshot v1, https://goo.gl/fbAQLP

exports[`StatusBar rendering toMatchSnapshot 1`] = `
ShallowWrapper {
  Symbol(enzyme.__root__): [Circular],
  Symbol(enzyme.__unrendered__): <Unknown
    backgroundColor="blue"
    barStyle="light-content"
  />,
  Symbol(enzyme.__renderer__): Object {
    "batchedUpdates": [Function],
    "getNode": [Function],
    "render": [Function],
    "simulateError": [Function],
    "simulateEvent": [Function],
    "unmount": [Function],
  },
  Symbol(enzyme.__node__): Object {
    "instance": null,
    "key": undefined,
    "nodeType": "class",
    "props": Object {
      "children": <StatusBar
        animated={false}
        backgroundColor="blue"
        barStyle="light-content"
        showHideTransition="fade"
        translucent={true}
      />,
      "style": Array [
        Object {
          "height": 20,
        },
        Object {
          "backgroundColor": "blue",
        },
      ],
    },
    "ref": null,
    "rendered": Object {
      "instance": null,
      "key": undefined,
      "nodeType": "class",
      "props": Object {
        "animated": false,
        "backgroundColor": "blue",
        "barStyle": "light-content",
        "showHideTransition": "fade",
        "translucent": true,
      },
      "ref": null,
      "rendered": null,
      "type": [Function],
    },
    "type": [Function],
  },
  Symbol(enzyme.__nodes__): Array [
    Object {
      "instance": null,
      "key": undefined,
      "nodeType": "class",
      "props": Object {
        "children": <StatusBar
          animated={false}
          backgroundColor="blue"
          barStyle="light-content"
          showHideTransition="fade"
          translucent={true}
        />,
        "style": Array [
          Object {
            "height": 20,
          },
          Object {
            "backgroundColor": "blue",
          },
        ],
      },
      "ref": null,
      "rendered": Object {
        "instance": null,
        "key": undefined,
        "nodeType": "class",
        "props": Object {
          "animated": false,
          "backgroundColor": "blue",
          "barStyle": "light-content",
          "showHideTransition": "fade",
          "translucent": true,
        },
        "ref": null,
        "rendered": null,
        "type": [Function],
      },
      "type": [Function],
    },
  ],
  Symbol(enzyme.__options__): Object {
    "adapter": ReactSixteenAdapter {
      "options": Object {
        "enableComponentDidUpdateOnSetState": true,
        "lifecycles": Object {
          "componentDidUpdate": Object {
            "onSetState": true,
          },
          "getDerivedStateFromProps": true,
          "getSnapshotBeforeUpdate": true,
          "setState": Object {
            "skipsComponentDidUpdateOnNullish": true,
          },
        },
      },
    },
  },
}
`;
