// Jest Snapshot v1, https://goo.gl/fbAQLP

exports[`List rendering toMatchSnapshot 1`] = `undefined`;
